INFO: kbplacer_plugin_action.py:73: Plugin version: 0.19
INFO: kbplacer_plugin_action.py:74: Python version: '3.11.5 (main, Jan 23 2026, 07:39:48) [MSC v.1944 64 bit (AMD64)]'
INFO: kbplacer_plugin_action.py:75: KiCad version: 10.0.3 with 4.2.2 msw (phoenix) wxWidgets 3.3.2
INFO: kbplacer_dialog.py:799: Language: en
INFO: kbplacer_plugin_action.py:83: GUI state: {"layout_path": "https://editor.keyboard-tools.xyz/#share=NrDeCIA9wLgZgDTgIawOwF8kB0B2eDcBGANnAF0EwpYAmJAT1gFoAGAOgA4BWLcQwkSIUqEaDAAsjFhx58B+XLWGVq47tJhsuvHIsK0yqiEy2zau-vsXC9Co6JrxN2khfnW8RNCLV0XshIAnCGhYWEeCkS0vmKwUuCm2jysqWnpaUSR1rQxxk4aiTI6GaWpWXY5PvlJ5pYKeDGVhNWO4ohFZuxu9Z7EnLFO9J3J3GWlFVZRcIPiCbUl4+mTDUoz+eoBi0vl2QYDNcWctMHhZ5jNijOXeAdtsB0LPXs2QbP+I7JjO7s3xBLvSRbFI-VgrPonQGFBYgn7ghS0N6HLrHb47WgvPAAv5IqhTazccB-IisIn4wSE-IAJ3iSCpc3YhSppiC7AkhXE2mhLAk7DO-JCmKUlMcNJgRE47AsSE5HG5Wnh1jgpOpD1ojJlxXlzEVhDgKlFLBJUo5WpcusUtBV5CAA", "key_distance": [19.05, 19.05], "key_info": {"annotation_format": "SW{}", "position_option": "Default", "position": {"x": 0.0, "y": 0.0, "orientation": 180.0, "side": "Back"}, "template_path": "", "start_index": 1}, "enable_diode_placement": false, "route_switches_with_diodes": false, "optimize_diodes_orientation": false, "diode_info": {"annotation_format": "D{}", "position_option": "Default", "position": {"x": 5.08, "y": 4.0, "orientation": 90.0, "side": "Back"}, "template_path": "", "start_index": -1}, "additional_elements": [{"annotation_format": "ST{}", "position_option": "Custom", "position": {"x": 0.0, "y": 0.0, "orientation": 0.0, "side": "Front"}, "template_path": "", "start_index": -1}], "route_rows_and_columns": false, "template_path": "", "generate_outline": false, "outline_delta": 0.1, "layout_offset": null}
DEBUG: key_placer.py:153: Switches by nets: defaultdict(<class 'list'>, {frozenset({'K00', 'GND'}): ['SW1'], frozenset({'K10', 'GND'}): ['SW11'], frozenset({'K15', 'GND'}): ['SW17'], frozenset({'K04', 'GND'}): ['SW6'], frozenset({'K31', 'GND'}): ['SW10'], frozenset({'K26', 'GND'}): ['SW28'], frozenset({'K33', 'GND'}): ['SW20'], frozenset({'K35', 'GND'}): ['SW30'], frozenset({'K30', 'GND'}): ['SW5'], frozenset({'K20', 'GND'}): ['SW21'], frozenset({'K24', 'GND'}): ['SW26'], frozenset({'K22', 'GND'}): ['SW23'], frozenset({'K34', 'GND'}): ['SW25'], frozenset({'K32', 'GND'}): ['SW15'], frozenset({'K23', 'GND'}): ['SW24'], frozenset({'K13', 'GND'}): ['SW14'], frozenset({'K25', 'GND'}): ['SW27'], frozenset({'K16', 'GND'}): ['SW19'], frozenset({'K27', 'GND'}): ['SW29'], frozenset({'K07', 'GND'}): ['SW9'], frozenset({'GND', 'K21'}): ['SW22'], frozenset({'K36', 'GND'}): ['SW31'], frozenset({'GND', 'K06'}): ['SW8'], frozenset({'K02', 'GND'}): ['SW3'], frozenset({'K17', 'GND'}): ['SW18'], frozenset({'GND', 'K11'}): ['SW12'], frozenset({'K12', 'GND'}): ['SW13'], frozenset({'GND', 'K01'}): ['SW2'], frozenset({'K14', 'GND'}): ['SW16'], frozenset({'K03', 'GND'}): ['SW4'], frozenset({'K05', 'GND'}): ['SW7']})
DEBUG: key_placer.py:157: Diodes by switch: {'SW1': ['D5'], 'SW11': ['D5'], 'SW17': ['D5'], 'SW6': ['D5'], 'SW10': ['D5'], 'SW28': ['D5'], 'SW20': ['D5'], 'SW30': ['D5'], 'SW5': ['D5'], 'SW21': ['D5'], 'SW26': ['D5'], 'SW23': ['D5'], 'SW25': ['D5'], 'SW15': ['D5'], 'SW24': ['D5'], 'SW14': ['D5'], 'SW27': ['D5'], 'SW19': ['D5'], 'SW29': ['D5'], 'SW9': ['D5'], 'SW22': ['D5'], 'SW31': ['D5'], 'SW8': ['D5'], 'SW3': ['D5'], 'SW18': ['D5'], 'SW12': ['D5'], 'SW13': ['D5'], 'SW2': ['D5'], 'SW16': ['D5'], 'SW4': ['D5'], 'SW7': ['D5']}
DEBUG: board_modifier.py:73: Searching for SW1 footprint in D:\GitHub\KiCad\Galia\Daughterboard (Cantaloupe)\Daughterboard (Cantaloupe).kicad_pcb
INFO: key_placer.py:653: Looking for connection template between SW1 and other elements
DEBUG: board_modifier.py:132: Getting SW1 footprint position: (25225000, 42858750)
INFO: key_placer.py:697: Got connection template: 
INFO: key_placer.py:785: Using key 1U distance: (19.05, 19.05) mm
INFO: key_placer.py:803: Layout offset: (28575000, 28575000)
DEBUG: board_modifier.py:119: Setting SW16 footprint position: (95250000, 38100000)
DEBUG: board_modifier.py:119: Setting SW11 footprint position: (76200000, 40957500)
DEBUG: board_modifier.py:119: Setting SW21 footprint position: (114300000, 43815000)
DEBUG: board_modifier.py:119: Setting SW26 footprint position: (133350000, 46672500)
DEBUG: board_modifier.py:119: Setting SW1 footprint position: (38100000, 50006250)
DEBUG: board_modifier.py:119: Setting SW6 footprint position: (57150000, 50006250)
DEBUG: board_modifier.py:119: Setting SW17 footprint position: (95250000, 57150000)
DEBUG: board_modifier.py:119: Setting SW12 footprint position: (76200000, 60007500)
DEBUG: board_modifier.py:119: Setting SW22 footprint position: (114300000, 62865000)
DEBUG: board_modifier.py:119: Setting SW27 footprint position: (133350000, 65722500)
DEBUG: board_modifier.py:119: Setting SW2 footprint position: (38100000, 69056250)
DEBUG: board_modifier.py:119: Setting SW7 footprint position: (57150000, 69056250)
DEBUG: board_modifier.py:119: Setting SW18 footprint position: (95250000, 76200000)
DEBUG: board_modifier.py:119: Setting SW13 footprint position: (76200000, 79057500)
DEBUG: board_modifier.py:119: Setting SW23 footprint position: (114300000, 81915000)
DEBUG: board_modifier.py:119: Setting SW28 footprint position: (133350000, 84772500)
DEBUG: board_modifier.py:119: Setting SW3 footprint position: (38100000, 88106250)
DEBUG: board_modifier.py:119: Setting SW8 footprint position: (57150000, 88106250)
DEBUG: board_modifier.py:119: Setting SW19 footprint position: (95250000, 95250000)
DEBUG: board_modifier.py:119: Setting SW14 footprint position: (76200000, 98107500)
DEBUG: board_modifier.py:119: Setting SW24 footprint position: (114300000, 100965000)
DEBUG: board_modifier.py:119: Setting SW29 footprint position: (133350000, 103822500)
DEBUG: board_modifier.py:119: Setting SW4 footprint position: (38100000, 107156250)
DEBUG: board_modifier.py:119: Setting SW9 footprint position: (57150000, 107156250)
DEBUG: board_modifier.py:119: Setting SW5 footprint position: (38100000, 126206250)
DEBUG: board_modifier.py:119: Setting SW10 footprint position: (57150000, 126206250)
DEBUG: board_modifier.py:119: Setting SW15 footprint position: (76200000, 126206250)
DEBUG: board_modifier.py:119: Setting SW25 footprint position: (114300000, 122872500)
DEBUG: board_modifier.py:119: Setting SW30 footprint position: (114300000, 122872500)
DEBUG: board_modifier.py:119: Setting SW31 footprint position: (114300000, 122872500)
DEBUG: board_modifier.py:119: Setting SW20 footprint position: (114300000, 122872500)
INFO: key_placer.py:1238: Diode info: [ElementInfo(annotation_format='D{}', position_option=<PositionOption.UNCHANGED: 'Unchanged'>, position=ElementPosition(x=5.08, y=4.0, orientation=90.0, side=<Side.BACK: 'Back'>), template_path='', start_index=-1)]
INFO: key_placer.py:979: Placing additional elements for SW1
DEBUG: board_modifier.py:132: Getting SW1 footprint position: (38100000, 50006250)
DEBUG: board_modifier.py:84: Searching for optional ST1 footprint in D:\GitHub\KiCad\Galia\Daughterboard (Cantaloupe)\Daughterboard (Cantaloupe).kicad_pcb
DEBUG: board_modifier.py:89: Footprint not found
INFO: key_placer.py:979: Placing additional elements for SW11
DEBUG: board_modifier.py:132: Getting SW11 footprint position: (76200000, 40957500)
DEBUG: board_modifier.py:84: Searching for optional ST11 footprint in D:\GitHub\KiCad\Galia\Daughterboard (Cantaloupe)\Daughterboard (Cantaloupe).kicad_pcb
DEBUG: board_modifier.py:89: Footprint not found
INFO: key_placer.py:979: Placing additional elements for SW17
DEBUG: board_modifier.py:132: Getting SW17 footprint position: (95250000, 57150000)
DEBUG: board_modifier.py:84: Searching for optional ST17 footprint in D:\GitHub\KiCad\Galia\Daughterboard (Cantaloupe)\Daughterboard (Cantaloupe).kicad_pcb
DEBUG: board_modifier.py:89: Footprint not found
INFO: key_placer.py:979: Placing additional elements for SW6
DEBUG: board_modifier.py:132: Getting SW6 footprint position: (57150000, 50006250)
DEBUG: board_modifier.py:84: Searching for optional ST6 footprint in D:\GitHub\KiCad\Galia\Daughterboard (Cantaloupe)\Daughterboard (Cantaloupe).kicad_pcb
DEBUG: board_modifier.py:89: Footprint not found
INFO: key_placer.py:979: Placing additional elements for SW10
DEBUG: board_modifier.py:132: Getting SW10 footprint position: (57150000, 126206250)
DEBUG: board_modifier.py:84: Searching for optional ST10 footprint in D:\GitHub\KiCad\Galia\Daughterboard (Cantaloupe)\Daughterboard (Cantaloupe).kicad_pcb
DEBUG: board_modifier.py:89: Footprint not found
INFO: key_placer.py:979: Placing additional elements for SW28
DEBUG: board_modifier.py:132: Getting SW28 footprint position: (133350000, 84772500)
DEBUG: board_modifier.py:84: Searching for optional ST28 footprint in D:\GitHub\KiCad\Galia\Daughterboard (Cantaloupe)\Daughterboard (Cantaloupe).kicad_pcb
DEBUG: board_modifier.py:89: Footprint not found
INFO: key_placer.py:979: Placing additional elements for SW20
DEBUG: board_modifier.py:132: Getting SW20 footprint position: (99045790, 124240611)
DEBUG: board_modifier.py:84: Searching for optional ST20 footprint in D:\GitHub\KiCad\Galia\Daughterboard (Cantaloupe)\Daughterboard (Cantaloupe).kicad_pcb
DEBUG: board_modifier.py:89: Footprint not found
INFO: key_placer.py:979: Placing additional elements for SW30
DEBUG: board_modifier.py:132: Getting SW30 footprint position: (141145967, 127184542)
DEBUG: board_modifier.py:84: Searching for optional ST30 footprint in D:\GitHub\KiCad\Galia\Daughterboard (Cantaloupe)\Daughterboard (Cantaloupe).kicad_pcb
DEBUG: board_modifier.py:89: Footprint not found
INFO: key_placer.py:979: Placing additional elements for SW5
DEBUG: board_modifier.py:132: Getting SW5 footprint position: (38100000, 126206250)
DEBUG: board_modifier.py:84: Searching for optional ST5 footprint in D:\GitHub\KiCad\Galia\Daughterboard (Cantaloupe)\Daughterboard (Cantaloupe).kicad_pcb
DEBUG: board_modifier.py:89: Footprint not found
INFO: key_placer.py:979: Placing additional elements for SW21
DEBUG: board_modifier.py:132: Getting SW21 footprint position: (114300000, 43815000)
DEBUG: board_modifier.py:84: Searching for optional ST21 footprint in D:\GitHub\KiCad\Galia\Daughterboard (Cantaloupe)\Daughterboard (Cantaloupe).kicad_pcb
DEBUG: board_modifier.py:89: Footprint not found
INFO: key_placer.py:979: Placing additional elements for SW26
DEBUG: board_modifier.py:132: Getting SW26 footprint position: (133350000, 46672500)
DEBUG: board_modifier.py:84: Searching for optional ST26 footprint in D:\GitHub\KiCad\Galia\Daughterboard (Cantaloupe)\Daughterboard (Cantaloupe).kicad_pcb
DEBUG: board_modifier.py:89: Footprint not found
INFO: key_placer.py:979: Placing additional elements for SW23
DEBUG: board_modifier.py:132: Getting SW23 footprint position: (114300000, 81915000)
DEBUG: board_modifier.py:84: Searching for optional ST23 footprint in D:\GitHub\KiCad\Galia\Daughterboard (Cantaloupe)\Daughterboard (Cantaloupe).kicad_pcb
DEBUG: board_modifier.py:89: Footprint not found
INFO: key_placer.py:979: Placing additional elements for SW25
DEBUG: board_modifier.py:132: Getting SW25 footprint position: (120279874, 123081322)
DEBUG: board_modifier.py:84: Searching for optional ST25 footprint in D:\GitHub\KiCad\Galia\Daughterboard (Cantaloupe)\Daughterboard (Cantaloupe).kicad_pcb
DEBUG: board_modifier.py:89: Footprint not found
INFO: key_placer.py:979: Placing additional elements for SW15
DEBUG: board_modifier.py:132: Getting SW15 footprint position: (76200000, 126206250)
DEBUG: board_modifier.py:84: Searching for optional ST15 footprint in D:\GitHub\KiCad\Galia\Daughterboard (Cantaloupe)\Daughterboard (Cantaloupe).kicad_pcb
DEBUG: board_modifier.py:89: Footprint not found
INFO: key_placer.py:979: Placing additional elements for SW24
DEBUG: board_modifier.py:132: Getting SW24 footprint position: (114300000, 100965000)
DEBUG: board_modifier.py:84: Searching for optional ST24 footprint in D:\GitHub\KiCad\Galia\Daughterboard (Cantaloupe)\Daughterboard (Cantaloupe).kicad_pcb
DEBUG: board_modifier.py:89: Footprint not found
INFO: key_placer.py:979: Placing additional elements for SW14
DEBUG: board_modifier.py:132: Getting SW14 footprint position: (76200000, 98107500)
DEBUG: board_modifier.py:84: Searching for optional ST14 footprint in D:\GitHub\KiCad\Galia\Daughterboard (Cantaloupe)\Daughterboard (Cantaloupe).kicad_pcb
DEBUG: board_modifier.py:89: Footprint not found
INFO: key_placer.py:979: Placing additional elements for SW27
DEBUG: board_modifier.py:132: Getting SW27 footprint position: (133350000, 65722500)
DEBUG: board_modifier.py:84: Searching for optional ST27 footprint in D:\GitHub\KiCad\Galia\Daughterboard (Cantaloupe)\Daughterboard (Cantaloupe).kicad_pcb
DEBUG: board_modifier.py:89: Footprint not found
INFO: key_placer.py:979: Placing additional elements for SW19
DEBUG: board_modifier.py:132: Getting SW19 footprint position: (95250000, 95250000)
DEBUG: board_modifier.py:84: Searching for optional ST19 footprint in D:\GitHub\KiCad\Galia\Daughterboard (Cantaloupe)\Daughterboard (Cantaloupe).kicad_pcb
DEBUG: board_modifier.py:89: Footprint not found
INFO: key_placer.py:979: Placing additional elements for SW29
DEBUG: board_modifier.py:132: Getting SW29 footprint position: (133350000, 103822500)
DEBUG: board_modifier.py:84: Searching for optional ST29 footprint in D:\GitHub\KiCad\Galia\Daughterboard (Cantaloupe)\Daughterboard (Cantaloupe).kicad_pcb
DEBUG: board_modifier.py:89: Footprint not found
INFO: key_placer.py:979: Placing additional elements for SW9
DEBUG: board_modifier.py:132: Getting SW9 footprint position: (57150000, 107156250)
DEBUG: board_modifier.py:84: Searching for optional ST9 footprint in D:\GitHub\KiCad\Galia\Daughterboard (Cantaloupe)\Daughterboard (Cantaloupe).kicad_pcb
DEBUG: board_modifier.py:89: Footprint not found
INFO: key_placer.py:979: Placing additional elements for SW22
DEBUG: board_modifier.py:132: Getting SW22 footprint position: (114300000, 62865000)
DEBUG: board_modifier.py:84: Searching for optional ST22 footprint in D:\GitHub\KiCad\Galia\Daughterboard (Cantaloupe)\Daughterboard (Cantaloupe).kicad_pcb
DEBUG: board_modifier.py:89: Footprint not found
INFO: key_placer.py:979: Placing additional elements for SW31
DEBUG: board_modifier.py:132: Getting SW31 footprint position: (160360009, 136297768)
DEBUG: board_modifier.py:84: Searching for optional ST31 footprint in D:\GitHub\KiCad\Galia\Daughterboard (Cantaloupe)\Daughterboard (Cantaloupe).kicad_pcb
DEBUG: board_modifier.py:89: Footprint not found
INFO: key_placer.py:979: Placing additional elements for SW8
DEBUG: board_modifier.py:132: Getting SW8 footprint position: (57150000, 88106250)
DEBUG: board_modifier.py:84: Searching for optional ST8 footprint in D:\GitHub\KiCad\Galia\Daughterboard (Cantaloupe)\Daughterboard (Cantaloupe).kicad_pcb
DEBUG: board_modifier.py:89: Footprint not found
INFO: key_placer.py:979: Placing additional elements for SW3
DEBUG: board_modifier.py:132: Getting SW3 footprint position: (38100000, 88106250)
DEBUG: board_modifier.py:84: Searching for optional ST3 footprint in D:\GitHub\KiCad\Galia\Daughterboard (Cantaloupe)\Daughterboard (Cantaloupe).kicad_pcb
DEBUG: board_modifier.py:89: Footprint not found
INFO: key_placer.py:979: Placing additional elements for SW18
DEBUG: board_modifier.py:132: Getting SW18 footprint position: (95250000, 76200000)
DEBUG: board_modifier.py:84: Searching for optional ST18 footprint in D:\GitHub\KiCad\Galia\Daughterboard (Cantaloupe)\Daughterboard (Cantaloupe).kicad_pcb
DEBUG: board_modifier.py:89: Footprint not found
INFO: key_placer.py:979: Placing additional elements for SW12
DEBUG: board_modifier.py:132: Getting SW12 footprint position: (76200000, 60007500)
DEBUG: board_modifier.py:84: Searching for optional ST12 footprint in D:\GitHub\KiCad\Galia\Daughterboard (Cantaloupe)\Daughterboard (Cantaloupe).kicad_pcb
DEBUG: board_modifier.py:89: Footprint not found
INFO: key_placer.py:979: Placing additional elements for SW13
DEBUG: board_modifier.py:132: Getting SW13 footprint position: (76200000, 79057500)
DEBUG: board_modifier.py:84: Searching for optional ST13 footprint in D:\GitHub\KiCad\Galia\Daughterboard (Cantaloupe)\Daughterboard (Cantaloupe).kicad_pcb
DEBUG: board_modifier.py:89: Footprint not found
INFO: key_placer.py:979: Placing additional elements for SW2
DEBUG: board_modifier.py:132: Getting SW2 footprint position: (38100000, 69056250)
DEBUG: board_modifier.py:84: Searching for optional ST2 footprint in D:\GitHub\KiCad\Galia\Daughterboard (Cantaloupe)\Daughterboard (Cantaloupe).kicad_pcb
DEBUG: board_modifier.py:89: Footprint not found
INFO: key_placer.py:979: Placing additional elements for SW16
DEBUG: board_modifier.py:132: Getting SW16 footprint position: (95250000, 38100000)
DEBUG: board_modifier.py:84: Searching for optional ST16 footprint in D:\GitHub\KiCad\Galia\Daughterboard (Cantaloupe)\Daughterboard (Cantaloupe).kicad_pcb
DEBUG: board_modifier.py:89: Footprint not found
INFO: key_placer.py:979: Placing additional elements for SW4
DEBUG: board_modifier.py:132: Getting SW4 footprint position: (38100000, 107156250)
DEBUG: board_modifier.py:84: Searching for optional ST4 footprint in D:\GitHub\KiCad\Galia\Daughterboard (Cantaloupe)\Daughterboard (Cantaloupe).kicad_pcb
DEBUG: board_modifier.py:89: Footprint not found
INFO: key_placer.py:979: Placing additional elements for SW7
DEBUG: board_modifier.py:132: Getting SW7 footprint position: (57150000, 69056250)
DEBUG: board_modifier.py:84: Searching for optional ST7 footprint in D:\GitHub\KiCad\Galia\Daughterboard (Cantaloupe)\Daughterboard (Cantaloupe).kicad_pcb
DEBUG: board_modifier.py:89: Footprint not found
